// Bun Snapshot v1, https://goo.gl/fbAQLP

exports[`BannerServiceProvider Tests BannerServiceProvider initService works 1`] = `""`;
